~ ~ ~ ~ ~ ~ 
~ + # # +∩~ 
~ + # # +∪~ 
~ + + + +E~x
~ ~ ~ ~ ~ ~ 

~ ~ ~ ~ ~ ~ 
~ + # #∩+ ~ 
~ + # #∪+x~ 
~ + + + +N~ 
~ ~ ~ ~ ~ ~ 

~ ~ ~ ~ ~ ~ 
~ + #∧# + ~ 
~ + #∨# + ~ 
~ + + +x+W~ 
~ ~ ~ ~ ~ ~ 

~ ~ ~ ~ ~ ~ 
~ + #∧# + ~ 
~ + #∨# +x~ 
~ + + + +N~ 
~ ~ ~ ~ ~ ~ 

~ ~ ~ ~ ~ ~ 
~ + #∧# + ~ 
~ + #∨# + ~ 
~ + + + +E~x
~ ~ ~ ~ ~ ~ 

~ ~ ~ ~ ~ ~ 
~ + #∧# + ~ 
~ + #∨# + ~ 
~ + + +E+x~ 
~ ~ ~ ~ ~ ~ 

~ ~ ~ ~ ~ ~ 
~ + #∧# + ~ 
~ + #∨#x+ ~ 
~ + + +N+ ~ 
~ ~ ~ ~ ~ ~ 

Opgelost!

